Archive member included to satisfy reference by file (symbol)

/home/hungnt4320/.local/xPacks/@xpack-dev-tools/arm-none-eabi-gcc/12.3.1-1.2.1/.content/bin/../lib/gcc/arm-none-eabi/12.3.1/../../../../arm-none-eabi/lib/thumb/v7e-m/nofp/libg_nano.a(libc_a-vsnprintf.o)
                              ./system/src/diag/Trace.o (vsnprintf)
/home/hungnt4320/.local/xPacks/@xpack-dev-tools/arm-none-eabi-gcc/12.3.1-1.2.1/.content/bin/../lib/gcc/arm-none-eabi/12.3.1/../../../../arm-none-eabi/lib/thumb/v7e-m/nofp/libg_nano.a(libc_a-impure.o)
                              /home/hungnt4320/.local/xPacks/@xpack-dev-tools/arm-none-eabi-gcc/12.3.1-1.2.1/.content/bin/../lib/gcc/arm-none-eabi/12.3.1/../../../../arm-none-eabi/lib/thumb/v7e-m/nofp/libg_nano.a(libc_a-vsnprintf.o) (_impure_ptr)
/home/hungnt4320/.local/xPacks/@xpack-dev-tools/arm-none-eabi-gcc/12.3.1-1.2.1/.content/bin/../lib/gcc/arm-none-eabi/12.3.1/../../../../arm-none-eabi/lib/thumb/v7e-m/nofp/libg_nano.a(libc_a-errno.o)
                              ./system/src/newlib/_sbrk.o (__errno)
/home/hungnt4320/.local/xPacks/@xpack-dev-tools/arm-none-eabi-gcc/12.3.1-1.2.1/.content/bin/../lib/gcc/arm-none-eabi/12.3.1/../../../../arm-none-eabi/lib/thumb/v7e-m/nofp/libg_nano.a(libc_a-strlen.o)
                              ./system/src/diag/Trace.o (strlen)
/home/hungnt4320/.local/xPacks/@xpack-dev-tools/arm-none-eabi-gcc/12.3.1-1.2.1/.content/bin/../lib/gcc/arm-none-eabi/12.3.1/../../../../arm-none-eabi/lib/thumb/v7e-m/nofp/libg_nano.a(libc_a-nano-svfprintf.o)
                              /home/hungnt4320/.local/xPacks/@xpack-dev-tools/arm-none-eabi-gcc/12.3.1-1.2.1/.content/bin/../lib/gcc/arm-none-eabi/12.3.1/../../../../arm-none-eabi/lib/thumb/v7e-m/nofp/libg_nano.a(libc_a-vsnprintf.o) (_svfprintf_r)
/home/hungnt4320/.local/xPacks/@xpack-dev-tools/arm-none-eabi-gcc/12.3.1-1.2.1/.content/bin/../lib/gcc/arm-none-eabi/12.3.1/../../../../arm-none-eabi/lib/thumb/v7e-m/nofp/libg_nano.a(libc_a-nano-vfprintf_i.o)
                              /home/hungnt4320/.local/xPacks/@xpack-dev-tools/arm-none-eabi-gcc/12.3.1-1.2.1/.content/bin/../lib/gcc/arm-none-eabi/12.3.1/../../../../arm-none-eabi/lib/thumb/v7e-m/nofp/libg_nano.a(libc_a-nano-svfprintf.o) (_printf_i)
/home/hungnt4320/.local/xPacks/@xpack-dev-tools/arm-none-eabi-gcc/12.3.1-1.2.1/.content/bin/../lib/gcc/arm-none-eabi/12.3.1/../../../../arm-none-eabi/lib/thumb/v7e-m/nofp/libg_nano.a(libc_a-memmove.o)
                              /home/hungnt4320/.local/xPacks/@xpack-dev-tools/arm-none-eabi-gcc/12.3.1-1.2.1/.content/bin/../lib/gcc/arm-none-eabi/12.3.1/../../../../arm-none-eabi/lib/thumb/v7e-m/nofp/libg_nano.a(libc_a-nano-svfprintf.o) (memmove)
/home/hungnt4320/.local/xPacks/@xpack-dev-tools/arm-none-eabi-gcc/12.3.1-1.2.1/.content/bin/../lib/gcc/arm-none-eabi/12.3.1/../../../../arm-none-eabi/lib/thumb/v7e-m/nofp/libg_nano.a(libc_a-memchr.o)
                              /home/hungnt4320/.local/xPacks/@xpack-dev-tools/arm-none-eabi-gcc/12.3.1-1.2.1/.content/bin/../lib/gcc/arm-none-eabi/12.3.1/../../../../arm-none-eabi/lib/thumb/v7e-m/nofp/libg_nano.a(libc_a-nano-svfprintf.o) (memchr)
/home/hungnt4320/.local/xPacks/@xpack-dev-tools/arm-none-eabi-gcc/12.3.1-1.2.1/.content/bin/../lib/gcc/arm-none-eabi/12.3.1/../../../../arm-none-eabi/lib/thumb/v7e-m/nofp/libg_nano.a(libc_a-memcpy-stub.o)
                              /home/hungnt4320/.local/xPacks/@xpack-dev-tools/arm-none-eabi-gcc/12.3.1-1.2.1/.content/bin/../lib/gcc/arm-none-eabi/12.3.1/../../../../arm-none-eabi/lib/thumb/v7e-m/nofp/libg_nano.a(libc_a-nano-svfprintf.o) (memcpy)
/home/hungnt4320/.local/xPacks/@xpack-dev-tools/arm-none-eabi-gcc/12.3.1-1.2.1/.content/bin/../lib/gcc/arm-none-eabi/12.3.1/../../../../arm-none-eabi/lib/thumb/v7e-m/nofp/libg_nano.a(libc_a-freer.o)
                              /home/hungnt4320/.local/xPacks/@xpack-dev-tools/arm-none-eabi-gcc/12.3.1-1.2.1/.content/bin/../lib/gcc/arm-none-eabi/12.3.1/../../../../arm-none-eabi/lib/thumb/v7e-m/nofp/libg_nano.a(libc_a-nano-svfprintf.o) (_free_r)
/home/hungnt4320/.local/xPacks/@xpack-dev-tools/arm-none-eabi-gcc/12.3.1-1.2.1/.content/bin/../lib/gcc/arm-none-eabi/12.3.1/../../../../arm-none-eabi/lib/thumb/v7e-m/nofp/libg_nano.a(libc_a-mallocr.o)
                              /home/hungnt4320/.local/xPacks/@xpack-dev-tools/arm-none-eabi-gcc/12.3.1-1.2.1/.content/bin/../lib/gcc/arm-none-eabi/12.3.1/../../../../arm-none-eabi/lib/thumb/v7e-m/nofp/libg_nano.a(libc_a-nano-svfprintf.o) (_malloc_r)
/home/hungnt4320/.local/xPacks/@xpack-dev-tools/arm-none-eabi-gcc/12.3.1-1.2.1/.content/bin/../lib/gcc/arm-none-eabi/12.3.1/../../../../arm-none-eabi/lib/thumb/v7e-m/nofp/libg_nano.a(libc_a-mlock.o)
                              /home/hungnt4320/.local/xPacks/@xpack-dev-tools/arm-none-eabi-gcc/12.3.1-1.2.1/.content/bin/../lib/gcc/arm-none-eabi/12.3.1/../../../../arm-none-eabi/lib/thumb/v7e-m/nofp/libg_nano.a(libc_a-freer.o) (__malloc_lock)
[...]
Memory Configuration

Name             Origin             Length             Attributes
RAM              0x20000000         0x00020000         xrw
CCMRAM           0x10000000         0x00010000         xrw
FLASH            0x08000000         0x00100000         xr
FLASHB1          0x00000000         0x00000000         xr
EXTMEMB0         0x00000000         0x00000000         xr
EXTMEMB1         0x00000000         0x00000000         xr
EXTMEMB2         0x00000000         0x00000000         xr
EXTMEMB3         0x00000000         0x00000000         xr
MEMORY_ARRAY     0x20002000         0x00000020         xrw
*default*        0x00000000         0xffffffff

Linker script and memory map

LOAD ./system/src/stm32f4-hal/stm32f4xx_hal.o
LOAD ./system/src/stm32f4-hal/stm32f4xx_hal_cortex.o
LOAD ./system/src/stm32f4-hal/stm32f4xx_hal_dfsdm.o
LOAD ./system/src/stm32f4-hal/stm32f4xx_hal_flash.o
LOAD ./system/src/stm32f4-hal/stm32f4xx_hal_gpio.o
LOAD ./system/src/stm32f4-hal/stm32f4xx_hal_iwdg.o
LOAD ./system/src/stm32f4-hal/stm32f4xx_hal_pwr.o
LOAD ./system/src/stm32f4-hal/stm32f4xx_hal_rcc.o
LOAD ./system/src/newlib/_cxx.o
LOAD ./system/src/newlib/_exit.o
LOAD ./system/src/newlib/_sbrk.o
LOAD ./system/src/newlib/_startup.o
LOAD ./system/src/newlib/_syscalls.o
LOAD ./system/src/newlib/assert.o
LOAD ./system/src/diag/Trace.o
LOAD ./system/src/diag/trace_impl.o
LOAD ./system/src/cortexm/_initialize_hardware.o
LOAD ./system/src/cortexm/_reset_hardware.o
LOAD ./system/src/cortexm/exception_handlers.o
LOAD ./system/src/cmsis/system_stm32f4xx.o
LOAD ./system/src/cmsis/vectors_stm32f407xx.o
LOAD ./src/BlinkLed.o
LOAD ./src/Timer.o
LOAD ./src/_initialize_hardware.o
LOAD ./src/_write.o
LOAD ./src/main.o
LOAD ./src/stm32f4xx_hal_msp.o
LOAD /home/hungnt4320/.local/xPacks/@xpack-dev-tools/arm-none-eabi-gcc/12.3.1-1.2.1/.content/bin/../lib/gcc/arm-none-eabi/12.3.1/../../../../arm-none-eabi/lib/thumb/v7e-m/nofp/libstdc++_nano.a
LOAD /home/hungnt4320/.local/xPacks/@xpack-dev-tools/arm-none-eabi-gcc/12.3.1-1.2.1/.content/bin/../lib/gcc/arm-none-eabi/12.3.1/../../../../arm-none-eabi/lib/thumb/v7e-m/nofp/libm.a
START GROUP
LOAD /home/hungnt4320/.local/xPacks/@xpack-dev-tools/arm-none-eabi-gcc/12.3.1-1.2.1/.content/bin/../lib/gcc/arm-none-eabi/12.3.1/thumb/v7e-m/nofp/libgcc.a
LOAD /home/hungnt4320/.local/xPacks/@xpack-dev-tools/arm-none-eabi-gcc/12.3.1-1.2.1/.content/bin/../lib/gcc/arm-none-eabi/12.3.1/../../../../arm-none-eabi/lib/thumb/v7e-m/nofp/libg_nano.a
LOAD /home/hungnt4320/.local/xPacks/@xpack-dev-tools/arm-none-eabi-gcc/12.3.1-1.2.1/.content/bin/../lib/gcc/arm-none-eabi/12.3.1/../../../../arm-none-eabi/lib/thumb/v7e-m/nofp/libc_nano.a
END GROUP
START GROUP
LOAD /home/hungnt4320/.local/xPacks/@xpack-dev-tools/arm-none-eabi-gcc/12.3.1-1.2.1/.content/bin/../lib/gcc/arm-none-eabi/12.3.1/thumb/v7e-m/nofp/libgcc.a
LOAD /home/hungnt4320/.local/xPacks/@xpack-dev-tools/arm-none-eabi-gcc/12.3.1-1.2.1/.content/bin/../lib/gcc/arm-none-eabi/12.3.1/../../../../arm-none-eabi/lib/thumb/v7e-m/nofp/libc_nano.a
END GROUP
                0x20020000                        __stack = (ORIGIN (RAM) + LENGTH (RAM))
                0x20020000                        _estack = __stack
                0x00000400                        __Main_Stack_Size = 0x400
                [!provide]                        PROVIDE (_Main_Stack_Size = __Main_Stack_Size)
                0x2001fc00                        __Main_Stack_Limit = (__stack - __Main_Stack_Size)
                [!provide]                        PROVIDE (_Main_Stack_Limit = __Main_Stack_Limit)
                0x00000100                        _Minimum_Stack_Size = 0x100
                0x20000134                        PROVIDE (_Heap_Begin = _end_noinit)
                0x2001fc00                        PROVIDE (_Heap_Limit = (__stack - __Main_Stack_Size))

.isr_vector     0x08000000      0x3e8
 FILL mask 0xff
                0x08000000                        __vectors_start = ABSOLUTE (.)
                0x08000000                        __vectors_start__ = ABSOLUTE (.)
 *(.isr_vector)
 .isr_vector    0x08000000      0x188 ./system/src/cmsis/vectors_stm32f407xx.o
                0x08000000                __isr_vectors
 *(.cfmconfig)
 *(.after_vectors .after_vectors.*)
 .after_vectors
                0x08000188      0x130 ./system/src/newlib/_startup.o
                0x08000188                _start
 .after_vectors
                0x080002b8      0x12c ./system/src/cortexm/exception_handlers.o
                0x080002b8                Reset_Handler
                0x080002be                NMI_Handler
                0x080002c2                HardFault_Handler
                0x080002d6                HardFault_Handler_C
                0x08000334                MemManage_Handler
                0x08000338                BusFault_Handler
                0x0800034c                BusFault_Handler_C
                0x08000380                UsageFault_Handler
                0x08000394                UsageFault_Handler_C
                0x080003c8                SVC_Handler
                0x080003cc                DebugMon_Handler
                0x080003d0                PendSV_Handler
 .after_vectors
                0x080003e4        0x4 ./system/src/cmsis/vectors_stm32f407xx.o
                0x080003e4                RTC_Alarm_IRQHandler
                0x080003e4                HASH_RNG_IRQHandler
                0x080003e4                EXTI2_IRQHandler
                0x080003e4                TIM8_CC_IRQHandler
                0x080003e4                TIM1_CC_IRQHandler
                0x080003e4                DMA2_Stream5_IRQHandler
                0x080003e4                DMA1_Stream5_IRQHandler
                0x080003e4                PVD_IRQHandler
                0x080003e4                SDIO_IRQHandler
                0x080003e4                TAMP_STAMP_IRQHandler
                0x080003e4                CAN2_RX1_IRQHandler
                0x080003e4                EXTI3_IRQHandler
                0x080003e4                TIM8_TRG_COM_TIM14_IRQHandler
                0x080003e4                TIM1_UP_TIM10_IRQHandler
                0x080003e4                TIM8_UP_TIM13_IRQHandler
                0x080003e4                I2C3_ER_IRQHandler
                0x080003e4                EXTI0_IRQHandler
                0x080003e4                I2C2_EV_IRQHandler
                0x080003e4                DMA1_Stream2_IRQHandler
                0x080003e4                CAN1_RX0_IRQHandler
                0x080003e4                FPU_IRQHandler
                0x080003e4                OTG_HS_WKUP_IRQHandler
                0x080003e4                CAN2_SCE_IRQHandler
                0x080003e4                DMA2_Stream2_IRQHandler
                0x080003e4                SPI1_IRQHandler
                0x080003e4                TIM6_DAC_IRQHandler
                0x080003e4                TIM1_BRK_TIM9_IRQHandler
                0x080003e4                DCMI_IRQHandler
                0x080003e4                CAN2_RX0_IRQHandler
                0x080003e4                DMA2_Stream3_IRQHandler
                0x080003e4                USART6_IRQHandler
                0x080003e4                USART3_IRQHandler
                0x080003e4                CAN1_RX1_IRQHandler
                0x080003e4                UART5_IRQHandler
                0x080003e4                DMA2_Stream0_IRQHandler
                0x080003e4                TIM4_IRQHandler
                0x080003e4                I2C1_EV_IRQHandler
                0x080003e4                DMA1_Stream6_IRQHandler
                0x080003e4                DMA1_Stream1_IRQHandler
                0x080003e4                UART4_IRQHandler
                0x080003e4                TIM3_IRQHandler
                0x080003e4                RCC_IRQHandler
                0x080003e4                TIM8_BRK_TIM12_IRQHandler
                0x080003e4                Default_Handler
                0x080003e4                EXTI15_10_IRQHandler
                0x080003e4                ADC_IRQHandler
                0x080003e4                DMA1_Stream7_IRQHandler
                0x080003e4                TIM7_IRQHandler
                0x080003e4                CAN2_TX_IRQHandler
                0x080003e4                TIM5_IRQHandler
                0x080003e4                DMA2_Stream7_IRQHandler
                0x080003e4                I2C3_EV_IRQHandler
                0x080003e4                EXTI9_5_IRQHandler
                0x080003e4                RTC_WKUP_IRQHandler
                0x080003e4                ETH_WKUP_IRQHandler
                0x080003e4                SPI2_IRQHandler
                0x080003e4                OTG_HS_EP1_IN_IRQHandler
                0x080003e4                DMA1_Stream0_IRQHandler
                0x080003e4                CAN1_TX_IRQHandler
                0x080003e4                EXTI4_IRQHandler
                0x080003e4                ETH_IRQHandler
                0x080003e4                OTG_HS_EP1_OUT_IRQHandler
                0x080003e4                WWDG_IRQHandler
                0x080003e4                TIM2_IRQHandler
                0x080003e4                OTG_FS_WKUP_IRQHandler
                0x080003e4                TIM1_TRG_COM_TIM11_IRQHandler
                0x080003e4                OTG_HS_IRQHandler
                0x080003e4                EXTI1_IRQHandler
                0x080003e4                USART2_IRQHandler
                0x080003e4                I2C2_ER_IRQHandler
                0x080003e4                DMA2_Stream1_IRQHandler
                0x080003e4                CAN1_SCE_IRQHandler
                0x080003e4                FLASH_IRQHandler
                0x080003e4                DMA2_Stream4_IRQHandler
                0x080003e4                USART1_IRQHandler
                0x080003e4                OTG_FS_IRQHandler
                0x080003e4                SPI3_IRQHandler
                0x080003e4                DMA1_Stream4_IRQHandler
                0x080003e4                I2C1_ER_IRQHandler
                0x080003e4                FMC_IRQHandler
                0x080003e4                DMA2_Stream6_IRQHandler
                0x080003e4                DMA1_Stream3_IRQHandler

.inits          0x080003e8       0x28
                0x080003e8                        __data_regions_array_start = .
                0x080003e8        0x4 LONG 0x8002354 LOADADDR (.data)
                0x080003ec        0x4 LONG 0x20000000 ADDR (.data)
                0x080003f0        0x4 LONG 0x2000008c (ADDR (.data) + SIZEOF (.data))
                0x080003f4        0x4 LONG 0x8002354 LOADADDR (.data_CCMRAM)
                0x080003f8        0x4 LONG 0x10000000 ADDR (.data_CCMRAM)
                0x080003fc        0x4 LONG 0x10000000 (ADDR (.data_CCMRAM) + SIZEOF (.data_CCMRAM))
                0x08000400                        __data_regions_array_end = .
                0x08000400                        __bss_regions_array_start = .
                0x08000400        0x4 LONG 0x2000008c ADDR (.bss)
                0x08000404        0x4 LONG 0x20000134 (ADDR (.bss) + SIZEOF (.bss))
                0x08000408        0x4 LONG 0x10000000 ADDR (.bss_CCMRAM)
                0x0800040c        0x4 LONG 0x10000000 (ADDR (.bss_CCMRAM) + SIZEOF (.bss_CCMRAM))
                0x08000410                        __bss_regions_array_end = .
 *(.init)
 *(.fini)
                0x08000410                        . = ALIGN (0x4)
                0x08000410                        PROVIDE (__preinit_array_start = .)
 *(.preinit_array_sysinit .preinit_array_sysinit.*)
 *(.preinit_array_platform .preinit_array_platform.*)
 *(.preinit_array .preinit_array.*)
                0x08000410                        PROVIDE (__preinit_array_end = .)
                0x08000410                        . = ALIGN (0x4)
                0x08000410                        PROVIDE (__init_array_start = .)
 *(SORT_BY_NAME(.init_array.*))
 *(.init_array)
                0x08000410                        PROVIDE (__init_array_end = .)
                0x08000410                        . = ALIGN (0x4)
                0x08000410                        PROVIDE (__fini_array_start = .)
 *(SORT_BY_NAME(.fini_array.*))
 *(.fini_array)
                0x08000410                        PROVIDE (__fini_array_end = .)

.flashtext
 *(.flashtext .flashtext.*)

.text           0x08000410     0x1f3c
 *(.text .text.*)
 .text.HAL_InitTick
                0x08000410       0x2c ./system/src/stm32f4-hal/stm32f4xx_hal.o
                0x08000410                HAL_InitTick
 .text.HAL_Init
                0x0800043c       0x34 ./system/src/stm32f4-hal/stm32f4xx_hal.o
                0x0800043c                HAL_Init
 .text.HAL_IncTick
                0x08000470       0x10 ./system/src/stm32f4-hal/stm32f4xx_hal.o
                0x08000470                HAL_IncTick
 .text.HAL_GetTick
                0x08000480        0xc ./system/src/stm32f4-hal/stm32f4xx_hal.o
                0x08000480                HAL_GetTick
 .text.NVIC_SetPriority
                0x0800048c       0x28 ./system/src/stm32f4-hal/stm32f4xx_hal_cortex.o
 .text.NVIC_EncodePriority
                0x080004b4       0x3e ./system/src/stm32f4-hal/stm32f4xx_hal_cortex.o
 *fill*         0x080004f2        0x2 
 .text.HAL_NVIC_SetPriorityGrouping
                0x080004f4       0x3c ./system/src/stm32f4-hal/stm32f4xx_hal_cortex.o
                0x080004f4                HAL_NVIC_SetPriorityGrouping
 .text.HAL_NVIC_SetPriority
                0x08000530       0x48 ./system/src/stm32f4-hal/stm32f4xx_hal_cortex.o
                0x08000530                HAL_NVIC_SetPriority
 .text.HAL_SYSTICK_Config
                0x08000578       0x28 ./system/src/stm32f4-hal/stm32f4xx_hal_cortex.o
                0x08000578                HAL_SYSTICK_Config
 .text.HAL_SYSTICK_CLKSourceConfig
                0x080005a0       0x34 ./system/src/stm32f4-hal/stm32f4xx_hal_cortex.o
                0x080005a0                HAL_SYSTICK_CLKSourceConfig
 .text.HAL_GPIO_Init
                0x080005d4      0x2dc ./system/src/stm32f4-hal/stm32f4xx_hal_gpio.o
                0x080005d4                HAL_GPIO_Init
 .text.HAL_GPIO_WritePin
                0x080008b0       0x38 ./system/src/stm32f4-hal/stm32f4xx_hal_gpio.o
                0x080008b0                HAL_GPIO_WritePin
 .text.HAL_RCC_OscConfig
                0x080008e8      0x438 ./system/src/stm32f4-hal/stm32f4xx_hal_rcc.o
                0x080008e8                HAL_RCC_OscConfig
 .text.HAL_RCC_GetSysClockFreq
                0x08000d20       0x98 ./system/src/stm32f4-hal/stm32f4xx_hal_rcc.o
                0x08000d20                HAL_RCC_GetSysClockFreq
 .text.HAL_RCC_ClockConfig
                0x08000db8      0x260 ./system/src/stm32f4-hal/stm32f4xx_hal_rcc.o
                0x08000db8                HAL_RCC_ClockConfig
 .text.HAL_RCC_GetHCLKFreq
                0x08001018        0xc ./system/src/stm32f4-hal/stm32f4xx_hal_rcc.o
                0x08001018                HAL_RCC_GetHCLKFreq
 .text._exit    0x08001024        0x2 ./system/src/newlib/_exit.o
                0x08001024                _exit
 *fill*         0x08001026        0x2 
 .text.abort    0x08001028       0x14 ./system/src/newlib/_exit.o
                0x08001028                abort
 .text._sbrk    0x0800103c       0x44 ./system/src/newlib/_sbrk.o
                0x0800103c                _sbrk
 .text.__initialize_args
                0x08001080       0x10 ./system/src/newlib/_syscalls.o
                0x08001080                __initialize_args
 .text.assert_failed
                0x08001090       0x14 ./system/src/newlib/assert.o
                0x08001090                assert_failed
 .text.trace_printf
                0x080010a4       0x34 ./system/src/diag/Trace.o
                0x080010a4                trace_printf
 .text.trace_puts
                0x080010d8       0x20 ./system/src/diag/Trace.o
                0x080010d8                trace_puts
 .text._trace_write_semihosting_debug
                0x080010f8       0x62 ./system/src/diag/trace_impl.o
 .text.trace_write
                0x0800115a        0x8 ./system/src/diag/trace_impl.o
                0x0800115a                trace_write
 *fill*         0x08001162        0x2 
 .text.__initialize_hardware_early
                0x08001164       0x18 ./system/src/cortexm/_initialize_hardware.o
                0x08001164                __initialize_hardware_early
 .text.dumpExceptionStack
                0x0800117c       0xf4 ./system/src/cortexm/exception_handlers.o
                0x0800117c                dumpExceptionStack
 .text.isSemihosting
                0x08001270       0x20 ./system/src/cortexm/exception_handlers.o
                0x08001270                isSemihosting
 .text.SystemInit
                0x08001290       0x40 ./system/src/cmsis/system_stm32f4xx.o
                0x08001290                SystemInit
 .text.SystemCoreClockUpdate
                0x080012d0       0xa0 ./system/src/cmsis/system_stm32f4xx.o
                0x080012d0                SystemCoreClockUpdate
 .text.blink_led_init
                0x08001370       0x40 ./src/BlinkLed.o
                0x08001370                blink_led_init
 .text.timer_start
                0x080013b0       0x38 ./src/Timer.o
                0x080013b0                timer_start
 .text.timer_sleep
                0x080013e8       0x14 ./src/Timer.o
                0x080013e8                timer_sleep
 .text.timer_tick
                0x080013fc       0x14 ./src/Timer.o
                0x080013fc                timer_tick
 .text.SysTick_Handler
                0x08001410        0xc ./src/Timer.o
                0x08001410                SysTick_Handler
 .text.SystemClock_Config
                0x0800141c       0x9c ./src/_initialize_hardware.o
                0x0800141c                SystemClock_Config
 .text.__initialize_hardware
                0x080014b8       0x10 ./src/_initialize_hardware.o
                0x080014b8                __initialize_hardware
 .text.main     0x080014c8       0xd4 ./src/main.o
                0x080014c8                main
 .text.HAL_MspInit
                0x0800159c        0x2 ./src/stm32f4xx_hal_msp.o
                0x0800159c                HAL_MspInit
 .text._vsnprintf_r
                0x0800159e       0x56 /home/hungnt4320/.local/xPacks/@xpack-dev-tools/arm-none-eabi-gcc/12.3.1-1.2.1/.content/bin/../lib/gcc/arm-none-eabi/12.3.1/../../../../arm-none-eabi/lib/thumb/v7e-m/nofp/libg_nano.a(libc_a-vsnprintf.o)
                0x0800159e                _vsnprintf_r
                0x0800159e                _vsniprintf_r
 .text.vsnprintf
                0x080015f4       0x1c /home/hungnt4320/.local/xPacks/@xpack-dev-tools/arm-none-eabi-gcc/12.3.1-1.2.1/.content/bin/../lib/gcc/arm-none-eabi/12.3.1/../../../../arm-none-eabi/lib/thumb/v7e-m/nofp/libg_nano.a(libc_a-vsnprintf.o)
                0x080015f4                vsnprintf
                0x080015f4                vsniprintf
 .text.__errno  0x08001610        0xc /home/hungnt4320/.local/xPacks/@xpack-dev-tools/arm-none-eabi-gcc/12.3.1-1.2.1/.content/bin/../lib/gcc/arm-none-eabi/12.3.1/../../../../arm-none-eabi/lib/thumb/v7e-m/nofp/libg_nano.a(libc_a-errno.o)
                0x08001610                __errno
 .text          0x0800161c       0x10 /home/hungnt4320/.local/xPacks/@xpack-dev-tools/arm-none-eabi-gcc/12.3.1-1.2.1/.content/bin/../lib/gcc/arm-none-eabi/12.3.1/../../../../arm-none-eabi/lib/thumb/v7e-m/nofp/libg_nano.a(libc_a-strlen.o)
                0x0800161c                strlen
 .text.__ssputs_r
                0x0800162c       0xb6 /home/hungnt4320/.local/xPacks/@xpack-dev-tools/arm-none-eabi-gcc/12.3.1-1.2.1/.content/bin/../lib/gcc/arm-none-eabi/12.3.1/../../../../arm-none-eabi/lib/thumb/v7e-m/nofp/libg_nano.a(libc_a-nano-svfprintf.o)
                0x0800162c                __ssputs_r
 *fill*         0x080016e2        0x2 
 .text._svfprintf_r
                0x080016e4      0x1f8 /home/hungnt4320/.local/xPacks/@xpack-dev-tools/arm-none-eabi-gcc/12.3.1-1.2.1/.content/bin/../lib/gcc/arm-none-eabi/12.3.1/../../../../arm-none-eabi/lib/thumb/v7e-m/nofp/libg_nano.a(libc_a-nano-svfprintf.o)
                0x080016e4                _svfprintf_r
                0x080016e4                _svfiprintf_r
 .text._printf_common
                0x080018dc       0xda /home/hungnt4320/.local/xPacks/@xpack-dev-tools/arm-none-eabi-gcc/12.3.1-1.2.1/.content/bin/../lib/gcc/arm-none-eabi/12.3.1/../../../../arm-none-eabi/lib/thumb/v7e-m/nofp/libg_nano.a(libc_a-nano-vfprintf_i.o)
                0x080018dc                _printf_common
 *fill*         0x080019b6        0x2 
 .text._printf_i
                0x080019b8      0x258 /home/hungnt4320/.local/xPacks/@xpack-dev-tools/arm-none-eabi-gcc/12.3.1-1.2.1/.content/bin/../lib/gcc/arm-none-eabi/12.3.1/../../../../arm-none-eabi/lib/thumb/v7e-m/nofp/libg_nano.a(libc_a-nano-vfprintf_i.o)
                0x080019b8                _printf_i
 .text.memmove  0x08001c10       0x34 /home/hungnt4320/.local/xPacks/@xpack-dev-tools/arm-none-eabi-gcc/12.3.1-1.2.1/.content/bin/../lib/gcc/arm-none-eabi/12.3.1/../../../../arm-none-eabi/lib/thumb/v7e-m/nofp/libg_nano.a(libc_a-memmove.o)
                0x08001c10                memmove
 *fill*         0x08001c44        0xc 
 .text          0x08001c50       0xa0 /home/hungnt4320/.local/xPacks/@xpack-dev-tools/arm-none-eabi-gcc/12.3.1-1.2.1/.content/bin/../lib/gcc/arm-none-eabi/12.3.1/../../../../arm-none-eabi/lib/thumb/v7e-m/nofp/libg_nano.a(libc_a-memchr.o)
                0x08001c50                memchr
 .text.memcpy   0x08001cf0       0x1c /home/hungnt4320/.local/xPacks/@xpack-dev-tools/arm-none-eabi-gcc/12.3.1-1.2.1/.content/bin/../lib/gcc/arm-none-eabi/12.3.1/../../../../arm-none-eabi/lib/thumb/v7e-m/nofp/libg_nano.a(libc_a-memcpy-stub.o)
                0x08001cf0                memcpy
 .text._free_r  0x08001d0c       0x94 /home/hungnt4320/.local/xPacks/@xpack-dev-tools/arm-none-eabi-gcc/12.3.1-1.2.1/.content/bin/../lib/gcc/arm-none-eabi/12.3.1/../../../../arm-none-eabi/lib/thumb/v7e-m/nofp/libg_nano.a(libc_a-freer.o)
                0x08001d0c                _free_r
 .text.sbrk_aligned
                0x08001da0       0x44 /home/hungnt4320/.local/xPacks/@xpack-dev-tools/arm-none-eabi-gcc/12.3.1-1.2.1/.content/bin/../lib/gcc/arm-none-eabi/12.3.1/../../../../arm-none-eabi/lib/thumb/v7e-m/nofp/libg_nano.a(libc_a-mallocr.o)
 .text._malloc_r
                0x08001de4      0x100 /home/hungnt4320/.local/xPacks/@xpack-dev-tools/arm-none-eabi-gcc/12.3.1-1.2.1/.content/bin/../lib/gcc/arm-none-eabi/12.3.1/../../../../arm-none-eabi/lib/thumb/v7e-m/nofp/libg_nano.a(libc_a-mallocr.o)
                0x08001de4                _malloc_r
 .text.__malloc_lock
                0x08001ee4        0xc /home/hungnt4320/.local/xPacks/@xpack-dev-tools/arm-none-eabi-gcc/12.3.1-1.2.1/.content/bin/../lib/gcc/arm-none-eabi/12.3.1/../../../../arm-none-eabi/lib/thumb/v7e-m/nofp/libg_nano.a(libc_a-mlock.o)
                0x08001ee4                __malloc_lock
 .text.__malloc_unlock
                0x08001ef0        0xc /home/hungnt4320/.local/xPacks/@xpack-dev-tools/arm-none-eabi-gcc/12.3.1-1.2.1/.content/bin/../lib/gcc/arm-none-eabi/12.3.1/../../../../arm-none-eabi/lib/thumb/v7e-m/nofp/libg_nano.a(libc_a-mlock.o)
                0x08001ef0                __malloc_unlock
 .text._realloc_r
                0x08001efc       0x5c /home/hungnt4320/.local/xPacks/@xpack-dev-tools/arm-none-eabi-gcc/12.3.1-1.2.1/.content/bin/../lib/gcc/arm-none-eabi/12.3.1/../../../../arm-none-eabi/lib/thumb/v7e-m/nofp/libg_nano.a(libc_a-reallocr.o)
                0x08001efc                _realloc_r
 .text._sbrk_r  0x08001f58       0x20 /home/hungnt4320/.local/xPacks/@xpack-dev-tools/arm-none-eabi-gcc/12.3.1-1.2.1/.content/bin/../lib/gcc/arm-none-eabi/12.3.1/../../../../arm-none-eabi/lib/thumb/v7e-m/nofp/libg_nano.a(libc_a-sbrkr.o)
                0x08001f58                _sbrk_r
 .text.__retarget_lock_acquire_recursive
                0x08001f78        0x2 /home/hungnt4320/.local/xPacks/@xpack-dev-tools/arm-none-eabi-gcc/12.3.1-1.2.1/.content/bin/../lib/gcc/arm-none-eabi/12.3.1/../../../../arm-none-eabi/lib/thumb/v7e-m/nofp/libg_nano.a(libc_a-lock.o)
                0x08001f78                __retarget_lock_acquire_recursive
 .text.__retarget_lock_release_recursive
                0x08001f7a        0x2 /home/hungnt4320/.local/xPacks/@xpack-dev-tools/arm-none-eabi-gcc/12.3.1-1.2.1/.content/bin/../lib/gcc/arm-none-eabi/12.3.1/../../../../arm-none-eabi/lib/thumb/v7e-m/nofp/libg_nano.a(libc_a-lock.o)
                0x08001f7a                __retarget_lock_release_recursive
 .text._malloc_usable_size_r
                0x08001f7c       0x10 /home/hungnt4320/.local/xPacks/@xpack-dev-tools/arm-none-eabi-gcc/12.3.1-1.2.1/.content/bin/../lib/gcc/arm-none-eabi/12.3.1/../../../../arm-none-eabi/lib/thumb/v7e-m/nofp/libg_nano.a(libc_a-msizer.o)
                0x08001f7c                _malloc_usable_size_r
 *(.rodata .rodata.* .constdata .constdata.*)
 .rodata.HAL_NVIC_SetPriorityGrouping.str1.4
                0x08001f8c       0x31 ./system/src/stm32f4-hal/stm32f4xx_hal_cortex.o
 *fill*         0x08001fbd        0x3 
 .rodata.HAL_GPIO_Init.str1.4
                0x08001fc0       0x2f ./system/src/stm32f4-hal/stm32f4xx_hal_gpio.o
 *fill*         0x08001fef        0x1 
 .rodata.HAL_RCC_OscConfig.str1.4
                0x08001ff0       0x2e ./system/src/stm32f4-hal/stm32f4xx_hal_rcc.o
 *fill*         0x0800201e        0x2 
 .rodata.APBAHBPrescTable
                0x08002020       0x10 ./system/src/stm32f4-hal/stm32f4xx_hal_rcc.o
                0x08002020                APBAHBPrescTable
 .rodata.abort.str1.4
                0x08002030       0x14 ./system/src/newlib/_exit.o
 .rodata.assert_failed.str1.4
                0x08002044       0x2b ./system/src/newlib/assert.o
 .rodata.trace_puts.str1.4
                0x0800206f       0x2b ./system/src/diag/Trace.o
                                  0x2 (size before relaxing)
 *fill*         0x0800206f        0x1 
 .rodata.dumpExceptionStack.str1.4
                0x08002070      0x11a ./system/src/cortexm/exception_handlers.o
 *fill*         0x0800218a        0x2 
 .rodata.str1.4
                0x0800218c       0x2a ./system/src/cortexm/exception_handlers.o
 *fill*         0x080021b6        0x2 
 .rodata.AHBPrescTable
                0x080021b8       0x10 ./system/src/cmsis/system_stm32f4xx.o
                0x080021b8                AHBPrescTable
 .rodata.main.str1.4
                0x080021c8       0xd8 ./src/main.o
 .rodata._svfprintf_r.str1.1
                0x080022a0       0x11 /home/hungnt4320/.local/xPacks/@xpack-dev-tools/arm-none-eabi-gcc/12.3.1-1.2.1/.content/bin/../lib/gcc/arm-none-eabi/12.3.1/../../../../arm-none-eabi/lib/thumb/v7e-m/nofp/libg_nano.a(libc_a-nano-svfprintf.o)
 .rodata._printf_i.str1.1
                0x080022b1       0x22 /home/hungnt4320/.local/xPacks/@xpack-dev-tools/arm-none-eabi-gcc/12.3.1-1.2.1/.content/bin/../lib/gcc/arm-none-eabi/12.3.1/../../../../arm-none-eabi/lib/thumb/v7e-m/nofp/libg_nano.a(libc_a-nano-vfprintf_i.o)
 *(vtable)
 *(.eh_frame*)
 *fill*         0x080022d3        0x1 
 .eh_frame      0x080022d4       0x28 /home/hungnt4320/.local/xPacks/@xpack-dev-tools/arm-none-eabi-gcc/12.3.1-1.2.1/.content/bin/../lib/gcc/arm-none-eabi/12.3.1/../../../../arm-none-eabi/lib/thumb/v7e-m/nofp/libg_nano.a(libc_a-strlen.o)
 .eh_frame      0x080022fc       0x50 /home/hungnt4320/.local/xPacks/@xpack-dev-tools/arm-none-eabi-gcc/12.3.1-1.2.1/.content/bin/../lib/gcc/arm-none-eabi/12.3.1/../../../../arm-none-eabi/lib/thumb/v7e-m/nofp/libg_nano.a(libc_a-memchr.o)
 *(.glue_7)
 .glue_7        0x0800234c        0x0 linker stubs
 *(.glue_7t)
 .glue_7t       0x0800234c        0x0 linker stubs

.vfp11_veneer   0x0800234c        0x0
 .vfp11_veneer  0x0800234c        0x0 linker stubs

.v4_bx          0x0800234c        0x0
 .v4_bx         0x0800234c        0x0 linker stubs

.iplt           0x0800234c        0x0
 .iplt          0x0800234c        0x0 ./system/src/stm32f4-hal/stm32f4xx_hal.o

.ARM.extab
 *(.ARM.extab* .gnu.linkonce.armextab.*)
                0x0800234c                        . = ALIGN (0x4)
                0x0800234c                        __exidx_start = .

.ARM.exidx      0x0800234c        0x8
 *(.ARM.exidx* .gnu.linkonce.armexidx.*)
 .ARM.exidx     0x0800234c        0x8 /home/hungnt4320/.local/xPacks/@xpack-dev-tools/arm-none-eabi-gcc/12.3.1-1.2.1/.content/bin/../lib/gcc/arm-none-eabi/12.3.1/../../../../arm-none-eabi/lib/thumb/v7e-m/nofp/libg_nano.a(libc_a-strlen.o)
 .ARM.exidx     0x08002354        0x0 /home/hungnt4320/.local/xPacks/@xpack-dev-tools/arm-none-eabi-gcc/12.3.1-1.2.1/.content/bin/../lib/gcc/arm-none-eabi/12.3.1/../../../../arm-none-eabi/lib/thumb/v7e-m/nofp/libg_nano.a(libc_a-memchr.o)
                                  0x8 (size before relaxing)
                0x08002354                        __exidx_end = .

.rel.dyn        0x08002354        0x0
 .rel.iplt      0x08002354        0x0 ./system/src/stm32f4-hal/stm32f4xx_hal.o
                0x08002354                        . = ALIGN (0x4)
                0x08002354                        _etext = .
                0x08002354                        __etext = .

.data_CCMRAM    0x10000000        0x0 load address 0x08002354
 FILL mask 0xff
 *(.data.CCMRAM .data.CCMRAM.*)
                0x10000000                        . = ALIGN (0x4)
                0x08002354                        _sidata = LOADADDR (.data)

.data           0x20000000       0x8c load address 0x08002354
 FILL mask 0xff
                0x20000000                        _sdata = .
                0x20000000                        __data_start__ = .
 *(.data_begin .data_begin.*)
 .data_begin    0x20000000        0x4 ./system/src/newlib/_startup.o
 *(.data .data.*)
 .data.argv.1   0x20000004        0x8 ./system/src/newlib/_syscalls.o
 .data.SystemCoreClock
                0x2000000c        0x4 ./system/src/cmsis/system_stm32f4xx.o
                0x2000000c                SystemCoreClock
 .data.temperature
                0x20000010       0x28 ./src/main.o
                0x20000010                temperature
 .data._impure_ptr
                0x20000038        0x4 /home/hungnt4320/.local/xPacks/@xpack-dev-tools/arm-none-eabi-gcc/12.3.1-1.2.1/.content/bin/../lib/gcc/arm-none-eabi/12.3.1/../../../../arm-none-eabi/lib/thumb/v7e-m/nofp/libg_nano.a(libc_a-impure.o)
                0x20000038                _impure_ptr
 .data._impure_data
                0x2000003c       0x4c /home/hungnt4320/.local/xPacks/@xpack-dev-tools/arm-none-eabi-gcc/12.3.1-1.2.1/.content/bin/../lib/gcc/arm-none-eabi/12.3.1/../../../../arm-none-eabi/lib/thumb/v7e-m/nofp/libg_nano.a(libc_a-impure.o)
                0x2000003c                _impure_data
 *(.data_end .data_end.*)
 .data_end      0x20000088        0x4 ./system/src/newlib/_startup.o
                0x2000008c                        . = ALIGN (0x4)
                0x2000008c                        _edata = .
                0x2000008c                        __data_end__ = .

.igot.plt       0x2000008c        0x0 load address 0x080023e0
 .igot.plt      0x2000008c        0x0 ./system/src/stm32f4-hal/stm32f4xx_hal.o

.bss_CCMRAM     0x10000000        0x0
 *(.bss.CCMRAM .bss.CCMRAM.*)

.bss            0x2000008c       0xa8
                0x2000008c                        __bss_start__ = .
                0x2000008c                        _sbss = .
 *(.bss_begin .bss_begin.*)
 .bss_begin     0x2000008c        0x4 ./system/src/newlib/_startup.o
 *(.bss .bss.*)
 .bss.uwTick    0x20000090        0x4 ./system/src/stm32f4-hal/stm32f4xx_hal.o
                0x20000090                uwTick
 .bss.current_heap_end.0
                0x20000094        0x4 ./system/src/newlib/_sbrk.o
 .bss.name.0    0x20000098        0x1 ./system/src/newlib/_syscalls.o
 *fill*         0x20000099        0x3 
 .bss.errno     0x2000009c        0x4 ./system/src/newlib/_syscalls.o
                0x2000009c                errno
 .bss.buf.0     0x200000a0       0x80 ./system/src/diag/Trace.o
 .bss.timer_delayCount
                0x20000120        0x4 ./src/Timer.o
                0x20000120                timer_delayCount
 .bss.__malloc_sbrk_start
                0x20000124        0x4 /home/hungnt4320/.local/xPacks/@xpack-dev-tools/arm-none-eabi-gcc/12.3.1-1.2.1/.content/bin/../lib/gcc/arm-none-eabi/12.3.1/../../../../arm-none-eabi/lib/thumb/v7e-m/nofp/libg_nano.a(libc_a-mallocr.o)
                0x20000124                __malloc_sbrk_start
 .bss.__malloc_free_list
                0x20000128        0x4 /home/hungnt4320/.local/xPacks/@xpack-dev-tools/arm-none-eabi-gcc/12.3.1-1.2.1/.content/bin/../lib/gcc/arm-none-eabi/12.3.1/../../../../arm-none-eabi/lib/thumb/v7e-m/nofp/libg_nano.a(libc_a-mallocr.o)
                0x20000128                __malloc_free_list
 .bss.__lock___malloc_recursive_mutex
                0x2000012c        0x1 /home/hungnt4320/.local/xPacks/@xpack-dev-tools/arm-none-eabi-gcc/12.3.1-1.2.1/.content/bin/../lib/gcc/arm-none-eabi/12.3.1/../../../../arm-none-eabi/lib/thumb/v7e-m/nofp/libg_nano.a(libc_a-lock.o)
                0x2000012c                __lock___malloc_recursive_mutex
 *(COMMON)
 *(.bss_end .bss_end.*)
 *fill*         0x2000012d        0x3 
 .bss_end       0x20000130        0x4 ./system/src/newlib/_startup.o
                0x20000134                        . = ALIGN (0x4)
                0x20000134                        __bss_end__ = .
                0x20000134                        _ebss = .

.noinit_CCMRAM
 *(.noinit.CCMRAM .noinit.CCMRAM.*)

.noinit         0x20000134        0x0
                0x20000134                        _noinit = .
 *(.noinit .noinit.*)
                0x20000134                        . = ALIGN (0x4)
                0x20000134                        _end_noinit = .
                [!provide]                        PROVIDE (end = _end_noinit)
                [!provide]                        PROVIDE (_end = _end_noinit)
                [!provide]                        PROVIDE (__end = _end_noinit)
                [!provide]                        PROVIDE (__end__ = _end_noinit)

._check_stack   0x20000134      0x100
                0x20000234                        . = (. + _Minimum_Stack_Size)
 *fill*         0x20000134      0x100 

.b1text
 *(.b1text)
 *(.b1rodata)
 *(.b1rodata.*)

.eb0text
 *(.eb0text)
 *(.eb0rodata)
 *(.eb0rodata.*)

.eb1text
 *(.eb1text)
 *(.eb1rodata)
 *(.eb1rodata.*)

.eb2text
 *(.eb2text)
 *(.eb2rodata)
 *(.eb2rodata.*)

.eb3text
 *(.eb3text)
 *(.eb3rodata)
 *(.eb3rodata.*)

.stab
 *(.stab)

.stabstr
 *(.stabstr)

.stab.excl
 *(.stab.excl)

.stab.exclstr
 *(.stab.exclstr)

.stab.index
 *(.stab.index)

.stab.indexstr
 *(.stab.indexstr)

.comment        0x00000000       0x39
 *(.comment)
 .comment       0x00000000       0x39 ./system/src/stm32f4-hal/stm32f4xx_hal.o
                                 0x3a (size before relaxing)
 .comment       0x00000039       0x3a ./system/src/stm32f4-hal/stm32f4xx_hal_cortex.o
 .comment       0x00000039       0x3a ./system/src/stm32f4-hal/stm32f4xx_hal_gpio.o
 .comment       0x00000039       0x3a ./system/src/stm32f4-hal/stm32f4xx_hal_rcc.o
 .comment       0x00000039       0x3a ./system/src/newlib/_exit.o
 .comment       0x00000039       0x3a ./system/src/newlib/_sbrk.o
 .comment       0x00000039       0x3a ./system/src/newlib/_startup.o
 .comment       0x00000039       0x3a ./system/src/newlib/_syscalls.o
 .comment       0x00000039       0x3a ./system/src/newlib/assert.o
 .comment       0x00000039       0x3a ./system/src/diag/Trace.o
 .comment       0x00000039       0x3a ./system/src/diag/trace_impl.o
 .comment       0x00000039       0x3a ./system/src/cortexm/_initialize_hardware.o
 .comment       0x00000039       0x3a ./system/src/cortexm/exception_handlers.o
 .comment       0x00000039       0x3a ./system/src/cmsis/system_stm32f4xx.o
 .comment       0x00000039       0x3a ./system/src/cmsis/vectors_stm32f407xx.o
 .comment       0x00000039       0x3a ./src/BlinkLed.o
 .comment       0x00000039       0x3a ./src/Timer.o
 .comment       0x00000039       0x3a ./src/_initialize_hardware.o
 .comment       0x00000039       0x3a ./src/main.o
 .comment       0x00000039       0x3a ./src/stm32f4xx_hal_msp.o
 .comment       0x00000039       0x3a /home/hungnt4320/.local/xPacks/@xpack-dev-tools/arm-none-eabi-gcc/12.3.1-1.2.1/.content/bin/../lib/gcc/arm-none-eabi/12.3.1/../../../../arm-none-eabi/lib/thumb/v7e-m/nofp/libg_nano.a(libc_a-vsnprintf.o)
 .comment       0x00000039       0x3a /home/hungnt4320/.local/xPacks/@xpack-dev-tools/arm-none-eabi-gcc/12.3.1-1.2.1/.content/bin/../lib/gcc/arm-none-eabi/12.3.1/../../../../arm-none-eabi/lib/thumb/v7e-m/nofp/libg_nano.a(libc_a-impure.o)
 .comment       0x00000039       0x3a /home/hungnt4320/.local/xPacks/@xpack-dev-tools/arm-none-eabi-gcc/12.3.1-1.2.1/.content/bin/../lib/gcc/arm-none-eabi/12.3.1/../../../../arm-none-eabi/lib/thumb/v7e-m/nofp/libg_nano.a(libc_a-errno.o)
 .comment       0x00000039       0x3a /home/hungnt4320/.local/xPacks/@xpack-dev-tools/arm-none-eabi-gcc/12.3.1-1.2.1/.content/bin/../lib/gcc/arm-none-eabi/12.3.1/../../../../arm-none-eabi/lib/thumb/v7e-m/nofp/libg_nano.a(libc_a-nano-svfprintf.o)
 .comment       0x00000039       0x3a /home/hungnt4320/.local/xPacks/@xpack-dev-tools/arm-none-eabi-gcc/12.3.1-1.2.1/.content/bin/../lib/gcc/arm-none-eabi/12.3.1/../../../../arm-none-eabi/lib/thumb/v7e-m/nofp/libg_nano.a(libc_a-nano-vfprintf_i.o)
 .comment       0x00000039       0x3a /home/hungnt4320/.local/xPacks/@xpack-dev-tools/arm-none-eabi-gcc/12.3.1-1.2.1/.content/bin/../lib/gcc/arm-none-eabi/12.3.1/../../../../arm-none-eabi/lib/thumb/v7e-m/nofp/libg_nano.a(libc_a-memmove.o)
 .comment       0x00000039       0x3a /home/hungnt4320/.local/xPacks/@xpack-dev-tools/arm-none-eabi-gcc/12.3.1-1.2.1/.content/bin/../lib/gcc/arm-none-eabi/12.3.1/../../../../arm-none-eabi/lib/thumb/v7e-m/nofp/libg_nano.a(libc_a-memcpy-stub.o)
 .comment       0x00000039       0x3a /home/hungnt4320/.local/xPacks/@xpack-dev-tools/arm-none-eabi-gcc/12.3.1-1.2.1/.content/bin/../lib/gcc/arm-none-eabi/12.3.1/../../../../arm-none-eabi/lib/thumb/v7e-m/nofp/libg_nano.a(libc_a-freer.o)
 .comment       0x00000039       0x3a /home/hungnt4320/.local/xPacks/@xpack-dev-tools/arm-none-eabi-gcc/12.3.1-1.2.1/.content/bin/../lib/gcc/arm-none-eabi/12.3.1/../../../../arm-none-eabi/lib/thumb/v7e-m/nofp/libg_nano.a(libc_a-mallocr.o)
 .comment       0x00000039       0x3a /home/hungnt4320/.local/xPacks/@xpack-dev-tools/arm-none-eabi-gcc/12.3.1-1.2.1/.content/bin/../lib/gcc/arm-none-eabi/12.3.1/../../../../arm-none-eabi/lib/thumb/v7e-m/nofp/libg_nano.a(libc_a-mlock.o)
 .comment       0x00000039       0x3a /home/hungnt4320/.local/xPacks/@xpack-dev-tools/arm-none-eabi-gcc/12.3.1-1.2.1/.content/bin/../lib/gcc/arm-none-eabi/12.3.1/../../../../arm-none-eabi/lib/thumb/v7e-m/nofp/libg_nano.a(libc_a-reallocr.o)
 .comment       0x00000039       0x3a /home/hungnt4320/.local/xPacks/@xpack-dev-tools/arm-none-eabi-gcc/12.3.1-1.2.1/.content/bin/../lib/gcc/arm-none-eabi/12.3.1/../../../../arm-none-eabi/lib/thumb/v7e-m/nofp/libg_nano.a(libc_a-sbrkr.o)
 .comment       0x00000039       0x3a /home/hungnt4320/.local/xPacks/@xpack-dev-tools/arm-none-eabi-gcc/12.3.1-1.2.1/.content/bin/../lib/gcc/arm-none-eabi/12.3.1/../../../../arm-none-eabi/lib/thumb/v7e-m/nofp/libg_nano.a(libc_a-lock.o)
 .comment       0x00000039       0x3a /home/hungnt4320/.local/xPacks/@xpack-dev-tools/arm-none-eabi-gcc/12.3.1-1.2.1/.content/bin/../lib/gcc/arm-none-eabi/12.3.1/../../../../arm-none-eabi/lib/thumb/v7e-m/nofp/libg_nano.a(libc_a-msizer.o)

.ARM.attributes
                0x00000000       0x2c
 .ARM.attributes
                0x00000000       0x2e ./system/src/stm32f4-hal/stm32f4xx_hal.o
 .ARM.attributes
                0x0000002e       0x2e ./system/src/stm32f4-hal/stm32f4xx_hal_cortex.o
 .ARM.attributes
                0x0000005c       0x2e ./system/src/stm32f4-hal/stm32f4xx_hal_gpio.o
 .ARM.attributes
                0x0000008a       0x2e ./system/src/stm32f4-hal/stm32f4xx_hal_rcc.o
 .ARM.attributes
                0x000000b8       0x2e ./system/src/newlib/_exit.o
 .ARM.attributes
                0x000000e6       0x2e ./system/src/newlib/_sbrk.o
 .ARM.attributes
                0x00000114       0x2e ./system/src/newlib/_startup.o
 .ARM.attributes
                0x00000142       0x2e ./system/src/newlib/_syscalls.o
 .ARM.attributes
                0x00000170       0x2e ./system/src/newlib/assert.o
 .ARM.attributes
                0x0000019e       0x2e ./system/src/diag/Trace.o
 .ARM.attributes
                0x000001cc       0x2e ./system/src/diag/trace_impl.o
 .ARM.attributes
                0x000001fa       0x2e ./system/src/cortexm/_initialize_hardware.o
 .ARM.attributes
                0x00000228       0x2e ./system/src/cortexm/exception_handlers.o
 .ARM.attributes
                0x00000256       0x2e ./system/src/cmsis/system_stm32f4xx.o
 .ARM.attributes
                0x00000284       0x2e ./system/src/cmsis/vectors_stm32f407xx.o
 .ARM.attributes
                0x000002b2       0x2e ./src/BlinkLed.o
 .ARM.attributes
                0x000002e0       0x2e ./src/Timer.o
 .ARM.attributes
                0x0000030e       0x2e ./src/_initialize_hardware.o
 .ARM.attributes
                0x0000033c       0x2e ./src/main.o
 .ARM.attributes
                0x0000036a       0x2e ./src/stm32f4xx_hal_msp.o
 .ARM.attributes
                0x00000398       0x2e /home/hungnt4320/.local/xPacks/@xpack-dev-tools/arm-none-eabi-gcc/12.3.1-1.2.1/.content/bin/../lib/gcc/arm-none-eabi/12.3.1/../../../../arm-none-eabi/lib/thumb/v7e-m/nofp/libg_nano.a(libc_a-vsnprintf.o)
 .ARM.attributes
                0x000003c6       0x2e /home/hungnt4320/.local/xPacks/@xpack-dev-tools/arm-none-eabi-gcc/12.3.1-1.2.1/.content/bin/../lib/gcc/arm-none-eabi/12.3.1/../../../../arm-none-eabi/lib/thumb/v7e-m/nofp/libg_nano.a(libc_a-impure.o)
 .ARM.attributes
                0x000003f4       0x2e /home/hungnt4320/.local/xPacks/@xpack-dev-tools/arm-none-eabi-gcc/12.3.1-1.2.1/.content/bin/../lib/gcc/arm-none-eabi/12.3.1/../../../../arm-none-eabi/lib/thumb/v7e-m/nofp/libg_nano.a(libc_a-errno.o)
 .ARM.attributes
                0x00000422       0x17 /home/hungnt4320/.local/xPacks/@xpack-dev-tools/arm-none-eabi-gcc/12.3.1-1.2.1/.content/bin/../lib/gcc/arm-none-eabi/12.3.1/../../../../arm-none-eabi/lib/thumb/v7e-m/nofp/libg_nano.a(libc_a-strlen.o)
 .ARM.attributes
                0x00000439       0x2e /home/hungnt4320/.local/xPacks/@xpack-dev-tools/arm-none-eabi-gcc/12.3.1-1.2.1/.content/bin/../lib/gcc/arm-none-eabi/12.3.1/../../../../arm-none-eabi/lib/thumb/v7e-m/nofp/libg_nano.a(libc_a-nano-svfprintf.o)
 .ARM.attributes
                0x00000467       0x2e /home/hungnt4320/.local/xPacks/@xpack-dev-tools/arm-none-eabi-gcc/12.3.1-1.2.1/.content/bin/../lib/gcc/arm-none-eabi/12.3.1/../../../../arm-none-eabi/lib/thumb/v7e-m/nofp/libg_nano.a(libc_a-nano-vfprintf_i.o)
 .ARM.attributes
                0x00000495       0x2e /home/hungnt4320/.local/xPacks/@xpack-dev-tools/arm-none-eabi-gcc/12.3.1-1.2.1/.content/bin/../lib/gcc/arm-none-eabi/12.3.1/../../../../arm-none-eabi/lib/thumb/v7e-m/nofp/libg_nano.a(libc_a-memmove.o)
 .ARM.attributes
                0x000004c3       0x1c /home/hungnt4320/.local/xPacks/@xpack-dev-tools/arm-none-eabi-gcc/12.3.1-1.2.1/.content/bin/../lib/gcc/arm-none-eabi/12.3.1/../../../../arm-none-eabi/lib/thumb/v7e-m/nofp/libg_nano.a(libc_a-memchr.o)
 .ARM.attributes
                0x000004df       0x2e /home/hungnt4320/.local/xPacks/@xpack-dev-tools/arm-none-eabi-gcc/12.3.1-1.2.1/.content/bin/../lib/gcc/arm-none-eabi/12.3.1/../../../../arm-none-eabi/lib/thumb/v7e-m/nofp/libg_nano.a(libc_a-memcpy-stub.o)
 .ARM.attributes
                0x0000050d       0x2e /home/hungnt4320/.local/xPacks/@xpack-dev-tools/arm-none-eabi-gcc/12.3.1-1.2.1/.content/bin/../lib/gcc/arm-none-eabi/12.3.1/../../../../arm-none-eabi/lib/thumb/v7e-m/nofp/libg_nano.a(libc_a-freer.o)
 .ARM.attributes
                0x0000053b       0x2e /home/hungnt4320/.local/xPacks/@xpack-dev-tools/arm-none-eabi-gcc/12.3.1-1.2.1/.content/bin/../lib/gcc/arm-none-eabi/12.3.1/../../../../arm-none-eabi/lib/thumb/v7e-m/nofp/libg_nano.a(libc_a-mallocr.o)
 .ARM.attributes
                0x00000569       0x2e /home/hungnt4320/.local/xPacks/@xpack-dev-tools/arm-none-eabi-gcc/12.3.1-1.2.1/.content/bin/../lib/gcc/arm-none-eabi/12.3.1/../../../../arm-none-eabi/lib/thumb/v7e-m/nofp/libg_nano.a(libc_a-mlock.o)
 .ARM.attributes
                0x00000597       0x2e /home/hungnt4320/.local/xPacks/@xpack-dev-tools/arm-none-eabi-gcc/12.3.1-1.2.1/.content/bin/../lib/gcc/arm-none-eabi/12.3.1/../../../../arm-none-eabi/lib/thumb/v7e-m/nofp/libg_nano.a(libc_a-reallocr.o)
 .ARM.attributes
                0x000005c5       0x2e /home/hungnt4320/.local/xPacks/@xpack-dev-tools/arm-none-eabi-gcc/12.3.1-1.2.1/.content/bin/../lib/gcc/arm-none-eabi/12.3.1/../../../../arm-none-eabi/lib/thumb/v7e-m/nofp/libg_nano.a(libc_a-sbrkr.o)
 .ARM.attributes
                0x000005f3       0x2e /home/hungnt4320/.local/xPacks/@xpack-dev-tools/arm-none-eabi-gcc/12.3.1-1.2.1/.content/bin/../lib/gcc/arm-none-eabi/12.3.1/../../../../arm-none-eabi/lib/thumb/v7e-m/nofp/libg_nano.a(libc_a-lock.o)
 .ARM.attributes
                0x00000621       0x2e /home/hungnt4320/.local/xPacks/@xpack-dev-tools/arm-none-eabi-gcc/12.3.1-1.2.1/.content/bin/../lib/gcc/arm-none-eabi/12.3.1/../../../../arm-none-eabi/lib/thumb/v7e-m/nofp/libg_nano.a(libc_a-msizer.o)

.debug
 *(.debug)

.line
 *(.line)

.debug_srcinfo
 *(.debug_srcinfo)

.debug_sfnames
 *(.debug_sfnames)

.debug_aranges  0x00000000      0x580
 *(.debug_aranges)
 .debug_aranges
                0x00000000       0xc0 ./system/src/stm32f4-hal/stm32f4xx_hal.o
 .debug_aranges
                0x000000c0       0xc0 ./system/src/stm32f4-hal/stm32f4xx_hal_cortex.o
 .debug_aranges
                0x00000180       0x58 ./system/src/stm32f4-hal/stm32f4xx_hal_gpio.o
 .debug_aranges
                0x000001d8       0x88 ./system/src/stm32f4-hal/stm32f4xx_hal_rcc.o
 .debug_aranges
                0x00000260       0x28 ./system/src/newlib/_exit.o
 .debug_aranges
                0x00000288       0x20 ./system/src/newlib/_sbrk.o
 .debug_aranges
                0x000002a8       0x40 ./system/src/newlib/_startup.o
 .debug_aranges
                0x000002e8       0x30 ./system/src/newlib/_syscalls.o
 .debug_aranges
                0x00000318       0x28 ./system/src/newlib/assert.o
 .debug_aranges
                0x00000340       0x38 ./system/src/diag/Trace.o
 .debug_aranges
                0x00000378       0x30 ./system/src/diag/trace_impl.o
 .debug_aranges
                0x000003a8       0x28 ./system/src/cortexm/_initialize_hardware.o
 .debug_aranges
                0x000003d0       0x90 ./system/src/cortexm/exception_handlers.o
 .debug_aranges
                0x00000460       0x28 ./system/src/cmsis/system_stm32f4xx.o
 .debug_aranges
                0x00000488       0x20 ./system/src/cmsis/vectors_stm32f407xx.o
 .debug_aranges
                0x000004a8       0x20 ./src/BlinkLed.o
 .debug_aranges
                0x000004c8       0x38 ./src/Timer.o
 .debug_aranges
                0x00000500       0x28 ./src/_initialize_hardware.o
 .debug_aranges
                0x00000528       0x20 ./src/main.o
 .debug_aranges
                0x00000548       0x38 ./src/stm32f4xx_hal_msp.o

.debug_pubnames
 *(.debug_pubnames)

.debug_info     0x00000000     0x6aac
 *(.debug_info .gnu.linkonce.wi.*)
 .debug_info    0x00000000      0x92c ./system/src/stm32f4-hal/stm32f4xx_hal.o
 .debug_info    0x0000092c     0x1163 ./system/src/stm32f4-hal/stm32f4xx_hal_cortex.o
 .debug_info    0x00001a8f      0x87d ./system/src/stm32f4-hal/stm32f4xx_hal_gpio.o
 .debug_info    0x0000230c      0xfc8 ./system/src/stm32f4-hal/stm32f4xx_hal_rcc.o
 .debug_info    0x000032d4      0x104 ./system/src/newlib/_exit.o
 .debug_info    0x000033d8      0x10f ./system/src/newlib/_sbrk.o
 .debug_info    0x000034e7      0x54f ./system/src/newlib/_startup.o
 .debug_info    0x00003a36      0x1c3 ./system/src/newlib/_syscalls.o
 .debug_info    0x00003bf9      0x1c2 ./system/src/newlib/assert.o
 .debug_info    0x00003dbb      0x34b ./system/src/diag/Trace.o
 .debug_info    0x00004106      0x319 ./system/src/diag/trace_impl.o
 .debug_info    0x0000441f      0x27f ./system/src/cortexm/_initialize_hardware.o
 .debug_info    0x0000469e      0x91e ./system/src/cortexm/exception_handlers.o
 .debug_info    0x00004fbc      0x4e7 ./system/src/cmsis/system_stm32f4xx.o
 .debug_info    0x000054a3      0x10b ./system/src/cmsis/vectors_stm32f407xx.o
 .debug_info    0x000055ae      0x3e5 ./src/BlinkLed.o
 .debug_info    0x00005993      0x70b ./src/Timer.o
 .debug_info    0x0000609e      0x510 ./src/_initialize_hardware.o
 .debug_info    0x000065ae      0x43f ./src/main.o
 .debug_info    0x000069ed       0xbf ./src/stm32f4xx_hal_msp.o

.debug_abbrev   0x00000000     0x221b
 *(.debug_abbrev)
 .debug_abbrev  0x00000000      0x277 ./system/src/stm32f4-hal/stm32f4xx_hal.o
 .debug_abbrev  0x00000277      0x3d2 ./system/src/stm32f4-hal/stm32f4xx_hal_cortex.o
 .debug_abbrev  0x00000649      0x23f ./system/src/stm32f4-hal/stm32f4xx_hal_gpio.o
 .debug_abbrev  0x00000888      0x350 ./system/src/stm32f4-hal/stm32f4xx_hal_rcc.o
 .debug_abbrev  0x00000bd8       0xc5 ./system/src/newlib/_exit.o
 .debug_abbrev  0x00000c9d       0xcc ./system/src/newlib/_sbrk.o
 .debug_abbrev  0x00000d69      0x25a ./system/src/newlib/_startup.o
 .debug_abbrev  0x00000fc3      0x118 ./system/src/newlib/_syscalls.o
 .debug_abbrev  0x000010db       0xf2 ./system/src/newlib/assert.o
 .debug_abbrev  0x000011cd      0x184 ./system/src/diag/Trace.o
 .debug_abbrev  0x00001351      0x1e6 ./system/src/diag/trace_impl.o
 .debug_abbrev  0x00001537      0x105 ./system/src/cortexm/_initialize_hardware.o
 .debug_abbrev  0x0000163c      0x28c ./system/src/cortexm/exception_handlers.o
 .debug_abbrev  0x000018c8      0x132 ./system/src/cmsis/system_stm32f4xx.o
 .debug_abbrev  0x000019fa       0xb8 ./system/src/cmsis/vectors_stm32f407xx.o
 .debug_abbrev  0x00001ab2      0x17c ./src/BlinkLed.o
 .debug_abbrev  0x00001c2e      0x1f6 ./src/Timer.o
 .debug_abbrev  0x00001e24      0x1dc ./src/_initialize_hardware.o
 .debug_abbrev  0x00002000      0x1d4 ./src/main.o
 .debug_abbrev  0x000021d4       0x47 ./src/stm32f4xx_hal_msp.o

.debug_line     0x00000000     0xc73d
 *(.debug_line)
 .debug_line    0x00000000      0xcc2 ./system/src/stm32f4-hal/stm32f4xx_hal.o
 .debug_line    0x00000cc2     0x108a ./system/src/stm32f4-hal/stm32f4xx_hal_cortex.o
 .debug_line    0x00001d4c     0x1039 ./system/src/stm32f4-hal/stm32f4xx_hal_gpio.o
 .debug_line    0x00002d85     0x1580 ./system/src/stm32f4-hal/stm32f4xx_hal_rcc.o
 .debug_line    0x00004305      0x3eb ./system/src/newlib/_exit.o
 .debug_line    0x000046f0      0x3dc ./system/src/newlib/_sbrk.o
 .debug_line    0x00004acc      0x666 ./system/src/newlib/_startup.o
 .debug_line    0x00005132      0x52a ./system/src/newlib/_syscalls.o
 .debug_line    0x0000565c      0x42b ./system/src/newlib/assert.o
 .debug_line    0x00005a87      0x4c5 ./system/src/diag/Trace.o
 .debug_line    0x00005f4c      0xc16 ./system/src/diag/trace_impl.o
 .debug_line    0x00006b62      0xa70 ./system/src/cortexm/_initialize_hardware.o
 .debug_line    0x000075d2      0xe48 ./system/src/cortexm/exception_handlers.o
 .debug_line    0x0000841a      0xb3a ./system/src/cmsis/system_stm32f4xx.o
 .debug_line    0x00008f54      0x13a ./system/src/cmsis/vectors_stm32f407xx.o
 .debug_line    0x0000908e      0xa6d ./src/BlinkLed.o
 .debug_line    0x00009afb      0xb21 ./src/Timer.o
 .debug_line    0x0000a61c      0xad1 ./src/_initialize_hardware.o
 .debug_line    0x0000b0ed      0xbef ./src/main.o
 .debug_line    0x0000bcdc      0xa61 ./src/stm32f4xx_hal_msp.o

.debug_frame    0x00000000      0xb3c
 *(.debug_frame)
 .debug_frame   0x00000000      0x188 ./system/src/stm32f4-hal/stm32f4xx_hal.o
 .debug_frame   0x00000188      0x1e4 ./system/src/stm32f4-hal/stm32f4xx_hal_cortex.o
 .debug_frame   0x0000036c       0xfc ./system/src/stm32f4-hal/stm32f4xx_hal_gpio.o
 .debug_frame   0x00000468      0x13c ./system/src/stm32f4-hal/stm32f4xx_hal_rcc.o
 .debug_frame   0x000005a4       0x38 ./system/src/newlib/_exit.o
 .debug_frame   0x000005dc       0x28 ./system/src/newlib/_sbrk.o
 .debug_frame   0x00000604       0x7c ./system/src/newlib/_startup.o
 .debug_frame   0x00000680       0x50 ./system/src/newlib/_syscalls.o
 .debug_frame   0x000006d0       0x40 ./system/src/newlib/assert.o
 .debug_frame   0x00000710       0x94 ./system/src/diag/Trace.o
 .debug_frame   0x000007a4       0x64 ./system/src/diag/trace_impl.o
 .debug_frame   0x00000808       0x40 ./system/src/cortexm/_initialize_hardware.o
 .debug_frame   0x00000848      0x158 ./system/src/cortexm/exception_handlers.o
 .debug_frame   0x000009a0       0x30 ./system/src/cmsis/system_stm32f4xx.o
 .debug_frame   0x000009d0       0x20 ./system/src/cmsis/vectors_stm32f407xx.o
 .debug_frame   0x000009f0       0x30 ./src/BlinkLed.o
 .debug_frame   0x00000a20       0x58 ./src/Timer.o
 .debug_frame   0x00000a78       0x48 ./src/_initialize_hardware.o
 .debug_frame   0x00000ac0       0x2c ./src/main.o
 .debug_frame   0x00000aec       0x50 ./src/stm32f4xx_hal_msp.o

.debug_str      0x00000000    0x9bc64
 *(.debug_str)
 .debug_str     0x00000000    0x96f7d ./system/src/stm32f4-hal/stm32f4xx_hal.o
                              0x97300 (size before relaxing)
 .debug_str     0x00096f7d      0x383 ./system/src/stm32f4-hal/stm32f4xx_hal_cortex.o
                              0x9716a (size before relaxing)
 .debug_str     0x00097300      0x2dd ./system/src/stm32f4-hal/stm32f4xx_hal_gpio.o
                              0x96b73 (size before relaxing)
 .debug_str     0x000975dd      0x393 ./system/src/stm32f4-hal/stm32f4xx_hal_rcc.o
                              0x96d11 (size before relaxing)
 .debug_str     0x00097970     0x1b1a ./system/src/newlib/_exit.o
                               0x7bfa (size before relaxing)
 .debug_str     0x0009948a      0x4e0 ./system/src/newlib/_sbrk.o
                               0x6fdd (size before relaxing)
 .debug_str     0x0009996a      0x2cc ./system/src/newlib/_startup.o
                               0x66ef (size before relaxing)
 .debug_str     0x00099c36     0x1514 ./system/src/newlib/_syscalls.o
                               0x8f6c (size before relaxing)
 .debug_str     0x0009b14a       0xd5 ./system/src/newlib/assert.o
                               0x86ff (size before relaxing)
 .debug_str     0x0009b21f      0x17f ./system/src/diag/Trace.o
                               0x836d (size before relaxing)
 .debug_str     0x0009b39e      0x372 ./system/src/diag/trace_impl.o
                              0x984f4 (size before relaxing)
 .debug_str     0x0009b710       0x5e ./system/src/cortexm/_initialize_hardware.o
                              0x96822 (size before relaxing)
 .debug_str     0x0009b76e      0x19d ./system/src/cortexm/exception_handlers.o
                              0x9868b (size before relaxing)
 .debug_str     0x0009b90b       0x46 ./system/src/cmsis/system_stm32f4xx.o
                              0x96901 (size before relaxing)
 .debug_str     0x0009b951       0x59 ./system/src/cmsis/vectors_stm32f407xx.o
                               0x39fe (size before relaxing)
 .debug_str     0x0009b9aa      0x12f ./src/BlinkLed.o
                              0x969ee (size before relaxing)
 .debug_str     0x0009bad9       0x76 ./src/Timer.o
                              0x96e29 (size before relaxing)
 .debug_str     0x0009bb4f       0x31 ./src/_initialize_hardware.o
                              0x96a3f (size before relaxing)
 .debug_str     0x0009bb80       0xa7 ./src/main.o
                              0x98506 (size before relaxing)
 .debug_str     0x0009bc27       0x3d ./src/stm32f4xx_hal_msp.o
                              0x96761 (size before relaxing)

.debug_loc
 *(.debug_loc)

.debug_macinfo
 *(.debug_macinfo)

.debug_weaknames
 *(.debug_weaknames)

.debug_funcnames
 *(.debug_funcnames)

.debug_typenames
 *(.debug_typenames)

.debug_varnames
 *(.debug_varnames)
OUTPUT(Embedded_System_Assignment.elf elf32-littlearm)
LOAD linker stubs

.debug_loclists
                0x00000000     0x17c5
 .debug_loclists
                0x00000000       0x89 ./system/src/stm32f4-hal/stm32f4xx_hal.o
 .debug_loclists
                0x00000089      0x500 ./system/src/stm32f4-hal/stm32f4xx_hal_cortex.o
 .debug_loclists
                0x00000589      0x3ed ./system/src/stm32f4-hal/stm32f4xx_hal_gpio.o
 .debug_loclists
                0x00000976      0x4d4 ./system/src/stm32f4-hal/stm32f4xx_hal_rcc.o
 .debug_loclists
                0x00000e4a       0x17 ./system/src/newlib/_exit.o
 .debug_loclists
                0x00000e61       0x69 ./system/src/newlib/_sbrk.o
 .debug_loclists
                0x00000eca      0x2b7 ./system/src/newlib/_startup.o
 .debug_loclists
                0x00001181       0x51 ./system/src/newlib/_syscalls.o
 .debug_loclists
                0x000011d2       0xd5 ./system/src/newlib/assert.o
 .debug_loclists
                0x000012a7       0xb2 ./system/src/diag/Trace.o
 .debug_loclists
                0x00001359       0xf5 ./system/src/diag/trace_impl.o
 .debug_loclists
                0x0000144e      0x203 ./system/src/cortexm/exception_handlers.o
 .debug_loclists
                0x00001651       0xdb ./system/src/cmsis/system_stm32f4xx.o
 .debug_loclists
                0x0000172c       0x47 ./src/Timer.o
 .debug_loclists
                0x00001773       0x52 ./src/main.o

.debug_rnglists
                0x00000000      0x405
 .debug_rnglists
                0x00000000       0x8b ./system/src/stm32f4-hal/stm32f4xx_hal.o
 .debug_rnglists
                0x0000008b       0x8c ./system/src/stm32f4-hal/stm32f4xx_hal_cortex.o
 .debug_rnglists
                0x00000117       0x3f ./system/src/stm32f4-hal/stm32f4xx_hal_gpio.o
 .debug_rnglists
                0x00000156       0x66 ./system/src/stm32f4-hal/stm32f4xx_hal_rcc.o
 .debug_rnglists
                0x000001bc       0x19 ./system/src/newlib/_exit.o
 .debug_rnglists
                0x000001d5       0x13 ./system/src/newlib/_sbrk.o
 .debug_rnglists
                0x000001e8       0x50 ./system/src/newlib/_startup.o
 .debug_rnglists
                0x00000238       0x1f ./system/src/newlib/_syscalls.o
 .debug_rnglists
                0x00000257       0x19 ./system/src/newlib/assert.o
 .debug_rnglists
                0x00000270       0x25 ./system/src/diag/Trace.o
 .debug_rnglists
                0x00000295       0x2b ./system/src/diag/trace_impl.o
 .debug_rnglists
                0x000002c0       0x19 ./system/src/cortexm/_initialize_hardware.o
 .debug_rnglists
                0x000002d9       0x74 ./system/src/cortexm/exception_handlers.o
 .debug_rnglists
                0x0000034d       0x1a ./system/src/cmsis/system_stm32f4xx.o
 .debug_rnglists
                0x00000367       0x13 ./system/src/cmsis/vectors_stm32f407xx.o
 .debug_rnglists
                0x0000037a       0x13 ./src/BlinkLed.o
 .debug_rnglists
                0x0000038d       0x25 ./src/Timer.o
 .debug_rnglists
                0x000003b2       0x1a ./src/_initialize_hardware.o
 .debug_rnglists
                0x000003cc       0x14 ./src/main.o
 .debug_rnglists
                0x000003e0       0x25 ./src/stm32f4xx_hal_msp.o

.debug_macro    0x00000000    0x1c4c6
 .debug_macro   0x00000000      0x4c2 ./system/src/stm32f4-hal/stm32f4xx_hal.o
 .debug_macro   0x000004c2      0xaba ./system/src/stm32f4-hal/stm32f4xx_hal.o
 .debug_macro   0x00000f7c      0x289 ./system/src/stm32f4-hal/stm32f4xx_hal.o
 .debug_macro   0x00001205       0x31 ./system/src/stm32f4-hal/stm32f4xx_hal.o
 .debug_macro   0x00001236       0x28 ./system/src/stm32f4-hal/stm32f4xx_hal.o
 .debug_macro   0x0000125e      0x34e ./system/src/stm32f4-hal/stm32f4xx_hal.o
 .debug_macro   0x000015ac       0x35 ./system/src/stm32f4-hal/stm32f4xx_hal.o
 .debug_macro   0x000015e1       0x50 ./system/src/stm32f4-hal/stm32f4xx_hal.o
 .debug_macro   0x00001631      0xe66 ./system/src/stm32f4-hal/stm32f4xx_hal.o
 .debug_macro   0x00002497     0x93f9 ./system/src/stm32f4-hal/stm32f4xx_hal.o
 .debug_macro   0x0000b890       0x43 ./system/src/stm32f4-hal/stm32f4xx_hal.o
 .debug_macro   0x0000b8d3     0x347f ./system/src/stm32f4-hal/stm32f4xx_hal.o
 .debug_macro   0x0000ed52       0x22 ./system/src/stm32f4-hal/stm32f4xx_hal.o
 .debug_macro   0x0000ed74       0x75 ./system/src/stm32f4-hal/stm32f4xx_hal.o
 .debug_macro   0x0000ede9       0x24 ./system/src/stm32f4-hal/stm32f4xx_hal.o
 .debug_macro   0x0000ee0d       0x94 ./system/src/stm32f4-hal/stm32f4xx_hal.o
 .debug_macro   0x0000eea1       0x3c ./system/src/stm32f4-hal/stm32f4xx_hal.o
 .debug_macro   0x0000eedd       0x34 ./system/src/stm32f4-hal/stm32f4xx_hal.o
 .debug_macro   0x0000ef11       0x16 ./system/src/stm32f4-hal/stm32f4xx_hal.o
 .debug_macro   0x0000ef27       0x57 ./system/src/stm32f4-hal/stm32f4xx_hal.o
 .debug_macro   0x0000ef7e       0x9e ./system/src/stm32f4-hal/stm32f4xx_hal.o
 .debug_macro   0x0000f01c      0x369 ./system/src/stm32f4-hal/stm32f4xx_hal.o
 .debug_macro   0x0000f385      0x10b ./system/src/stm32f4-hal/stm32f4xx_hal.o
 .debug_macro   0x0000f490       0x10 ./system/src/stm32f4-hal/stm32f4xx_hal.o
 .debug_macro   0x0000f4a0       0x16 ./system/src/stm32f4-hal/stm32f4xx_hal.o
 .debug_macro   0x0000f4b6       0x43 ./system/src/stm32f4-hal/stm32f4xx_hal.o
 .debug_macro   0x0000f4f9       0x34 ./system/src/stm32f4-hal/stm32f4xx_hal.o
 .debug_macro   0x0000f52d       0x10 ./system/src/stm32f4-hal/stm32f4xx_hal.o
 .debug_macro   0x0000f53d       0x58 ./system/src/stm32f4-hal/stm32f4xx_hal.o
 .debug_macro   0x0000f595      0x1de ./system/src/stm32f4-hal/stm32f4xx_hal.o
 .debug_macro   0x0000f773       0x16 ./system/src/stm32f4-hal/stm32f4xx_hal.o
 .debug_macro   0x0000f789       0x16 ./system/src/stm32f4-hal/stm32f4xx_hal.o
 .debug_macro   0x0000f79f      0x170 ./system/src/stm32f4-hal/stm32f4xx_hal.o
 .debug_macro   0x0000f90f       0x57 ./system/src/stm32f4-hal/stm32f4xx_hal.o
 .debug_macro   0x0000f966      0x964 ./system/src/stm32f4-hal/stm32f4xx_hal.o
 .debug_macro   0x000102ca      0x9e1 ./system/src/stm32f4-hal/stm32f4xx_hal.o
 .debug_macro   0x00010cab      0x11e ./system/src/stm32f4-hal/stm32f4xx_hal.o
 .debug_macro   0x00010dc9      0x13e ./system/src/stm32f4-hal/stm32f4xx_hal.o
 .debug_macro   0x00010f07       0x27 ./system/src/stm32f4-hal/stm32f4xx_hal.o
 .debug_macro   0x00010f2e      0x287 ./system/src/stm32f4-hal/stm32f4xx_hal.o
 .debug_macro   0x000111b5       0x5f ./system/src/stm32f4-hal/stm32f4xx_hal.o
 .debug_macro   0x00011214      0x23a ./system/src/stm32f4-hal/stm32f4xx_hal.o
 .debug_macro   0x0001144e      0x391 ./system/src/stm32f4-hal/stm32f4xx_hal.o
 .debug_macro   0x000117df      0x16f ./system/src/stm32f4-hal/stm32f4xx_hal.o
 .debug_macro   0x0001194e       0xf9 ./system/src/stm32f4-hal/stm32f4xx_hal.o
 .debug_macro   0x00011a47      0x36e ./system/src/stm32f4-hal/stm32f4xx_hal.o
 .debug_macro   0x00011db5       0x23 ./system/src/stm32f4-hal/stm32f4xx_hal.o
 .debug_macro   0x00011dd8       0xe6 ./system/src/stm32f4-hal/stm32f4xx_hal.o
 .debug_macro   0x00011ebe       0xa1 ./system/src/stm32f4-hal/stm32f4xx_hal.o
 .debug_macro   0x00011f5f       0x3c ./system/src/stm32f4-hal/stm32f4xx_hal.o
 .debug_macro   0x00011f9b       0x1f ./system/src/stm32f4-hal/stm32f4xx_hal.o
 .debug_macro   0x00011fba      0x1cd ./system/src/stm32f4-hal/stm32f4xx_hal.o
 .debug_macro   0x00012187      0xcd6 ./system/src/stm32f4-hal/stm32f4xx_hal.o
 .debug_macro   0x00012e5d      0x13a ./system/src/stm32f4-hal/stm32f4xx_hal.o
 .debug_macro   0x00012f97      0x21e ./system/src/stm32f4-hal/stm32f4xx_hal.o
 .debug_macro   0x000131b5       0x2e ./system/src/stm32f4-hal/stm32f4xx_hal.o
 .debug_macro   0x000131e3      0x543 ./system/src/stm32f4-hal/stm32f4xx_hal.o
 .debug_macro   0x00013726       0x88 ./system/src/stm32f4-hal/stm32f4xx_hal.o
 .debug_macro   0x000137ae       0xd5 ./system/src/stm32f4-hal/stm32f4xx_hal.o
 .debug_macro   0x00013883      0x183 ./system/src/stm32f4-hal/stm32f4xx_hal.o
 .debug_macro   0x00013a06      0x1a7 ./system/src/stm32f4-hal/stm32f4xx_hal.o
 .debug_macro   0x00013bad       0xa5 ./system/src/stm32f4-hal/stm32f4xx_hal.o
 .debug_macro   0x00013c52      0x18b ./system/src/stm32f4-hal/stm32f4xx_hal.o
 .debug_macro   0x00013ddd       0x24 ./system/src/stm32f4-hal/stm32f4xx_hal.o
 .debug_macro   0x00013e01       0x35 ./system/src/stm32f4-hal/stm32f4xx_hal.o
 .debug_macro   0x00013e36       0x79 ./system/src/stm32f4-hal/stm32f4xx_hal.o
 .debug_macro   0x00013eaf      0x11e ./system/src/stm32f4-hal/stm32f4xx_hal.o
 .debug_macro   0x00013fcd       0x7f ./system/src/stm32f4-hal/stm32f4xx_hal.o
 .debug_macro   0x0001404c       0x89 ./system/src/stm32f4-hal/stm32f4xx_hal.o
 .debug_macro   0x000140d5       0x7e ./system/src/stm32f4-hal/stm32f4xx_hal.o
 .debug_macro   0x00014153      0x31a ./system/src/stm32f4-hal/stm32f4xx_hal.o
 .debug_macro   0x0001446d      0x409 ./system/src/stm32f4-hal/stm32f4xx_hal.o
 .debug_macro   0x00014876       0xe4 ./system/src/stm32f4-hal/stm32f4xx_hal.o
 .debug_macro   0x0001495a      0x48d ./system/src/stm32f4-hal/stm32f4xx_hal.o
 .debug_macro   0x00014de7      0x22b ./system/src/stm32f4-hal/stm32f4xx_hal.o
 .debug_macro   0x00015012      0x202 ./system/src/stm32f4-hal/stm32f4xx_hal.o
 .debug_macro   0x00015214      0x6d9 ./system/src/stm32f4-hal/stm32f4xx_hal.o
 .debug_macro   0x000158ed       0x5b ./system/src/stm32f4-hal/stm32f4xx_hal.o
 .debug_macro   0x00015948      0x14d ./system/src/stm32f4-hal/stm32f4xx_hal.o
 .debug_macro   0x00015a95      0x287 ./system/src/stm32f4-hal/stm32f4xx_hal.o
 .debug_macro   0x00015d1c      0x225 ./system/src/stm32f4-hal/stm32f4xx_hal.o
 .debug_macro   0x00015f41      0x1b5 ./system/src/stm32f4-hal/stm32f4xx_hal.o
 .debug_macro   0x000160f6      0x2db ./system/src/stm32f4-hal/stm32f4xx_hal.o
 .debug_macro   0x000163d1       0x89 ./system/src/stm32f4-hal/stm32f4xx_hal.o
 .debug_macro   0x0001645a      0x1df ./system/src/stm32f4-hal/stm32f4xx_hal.o
 .debug_macro   0x00016639      0x115 ./system/src/stm32f4-hal/stm32f4xx_hal.o
 .debug_macro   0x0001674e       0x6e ./system/src/stm32f4-hal/stm32f4xx_hal.o
 .debug_macro   0x000167bc      0x125 ./system/src/stm32f4-hal/stm32f4xx_hal.o
 .debug_macro   0x000168e1      0x474 ./system/src/stm32f4-hal/stm32f4xx_hal_cortex.o
 .debug_macro   0x00016d55      0x4ac ./system/src/stm32f4-hal/stm32f4xx_hal_gpio.o
 .debug_macro   0x00017201      0x49e ./system/src/stm32f4-hal/stm32f4xx_hal_rcc.o
 .debug_macro   0x0001769f      0x1ae ./system/src/newlib/_exit.o
 .debug_macro   0x0001784d      0x11c ./system/src/newlib/_exit.o
 .debug_macro   0x00017969       0x94 ./system/src/newlib/_exit.o
 .debug_macro   0x000179fd       0x35 ./system/src/newlib/_exit.o
 .debug_macro   0x00017a32      0x163 ./system/src/newlib/_sbrk.o
 .debug_macro   0x00017b95      0x189 ./system/src/newlib/_sbrk.o
 .debug_macro   0x00017d1e       0x10 ./system/src/newlib/_sbrk.o
 .debug_macro   0x00017d2e      0x23c ./system/src/newlib/_sbrk.o
 .debug_macro   0x00017f6a      0x15f ./system/src/newlib/_startup.o
 .debug_macro   0x000180c9      0xac0 ./system/src/newlib/_startup.o
 .debug_macro   0x00018b89      0x239 ./system/src/newlib/_syscalls.o
 .debug_macro   0x00018dc2       0x1c ./system/src/newlib/_syscalls.o
 .debug_macro   0x00018dde       0x10 ./system/src/newlib/_syscalls.o
 .debug_macro   0x00018dee       0x10 ./system/src/newlib/_syscalls.o
 .debug_macro   0x00018dfe       0x10 ./system/src/newlib/_syscalls.o
 .debug_macro   0x00018e0e       0x35 ./system/src/newlib/_syscalls.o
 .debug_macro   0x00018e43      0x12c ./system/src/newlib/_syscalls.o
 .debug_macro   0x00018f6f       0xce ./system/src/newlib/_syscalls.o
 .debug_macro   0x0001903d       0x7c ./system/src/newlib/_syscalls.o
 .debug_macro   0x000190b9       0x17 ./system/src/newlib/_syscalls.o
 .debug_macro   0x000190d0      0x118 ./system/src/newlib/_syscalls.o
 .debug_macro   0x000191e8      0x18a ./system/src/newlib/_syscalls.o
 .debug_macro   0x00019372       0x16 ./system/src/newlib/_syscalls.o
 .debug_macro   0x00019388      0x1ca ./system/src/newlib/assert.o
 .debug_macro   0x00019552       0x1c ./system/src/newlib/assert.o
 .debug_macro   0x0001956e      0x1f4 ./system/src/diag/Trace.o
 .debug_macro   0x00019762       0x4c ./system/src/diag/Trace.o
 .debug_macro   0x000197ae       0xc1 ./system/src/diag/Trace.o
 .debug_macro   0x0001986f       0x16 ./system/src/diag/Trace.o
 .debug_macro   0x00019885      0x549 ./system/src/diag/trace_impl.o
 .debug_macro   0x00019dce       0x22 ./system/src/diag/trace_impl.o
 .debug_macro   0x00019df0      0x47e ./system/src/cortexm/_initialize_hardware.o
 .debug_macro   0x0001a26e      0x576 ./system/src/cortexm/exception_handlers.o
 .debug_macro   0x0001a7e4       0x3b ./system/src/cortexm/exception_handlers.o
 .debug_macro   0x0001a81f      0x47a ./system/src/cmsis/system_stm32f4xx.o
 .debug_macro   0x0001ac99       0x34 ./system/src/cmsis/vectors_stm32f407xx.o
 .debug_macro   0x0001accd      0x483 ./src/BlinkLed.o
 .debug_macro   0x0001b150       0x28 ./src/BlinkLed.o
 .debug_macro   0x0001b178      0x497 ./src/Timer.o
 .debug_macro   0x0001b60f       0x10 ./src/Timer.o
 .debug_macro   0x0001b61f      0x474 ./src/_initialize_hardware.o
 .debug_macro   0x0001ba93      0x591 ./src/main.o
 .debug_macro   0x0001c024       0x2e ./src/main.o
 .debug_macro   0x0001c052      0x474 ./src/stm32f4xx_hal_msp.o
